// Jest Snapshot v1, https://goo.gl/fbAQLP

exports[`MaskedInput should render with default styles 1`] = `
<element
  className="circuit-0 circuit-1"
/>
`;
